// Jest Snapshot v1, https://goo.gl/fbAQLP

exports[`TypeScript types generator produces valid code multi-file 1`] = `
"export type CreateUserRequest = {
    name: string;
};

export type CreateUserResponse = {
    success: boolean;
    created_at: string;
};"
`;

exports[`TypeScript types generator produces valid code single-file 1`] = `
"export type CreateUserRequest = {
    name: string;
};

export type CreateUserResponse = {
    success: boolean;
    created_at: string;
};"
`;
