// Jest Snapshot v1, https://goo.gl/fbAQLP

exports[`TypeScript validators generator produces valid code multi-file 1`] = `
"import { CreateUserRequest, CreateUserResponse, GetUserResponse } from \\"./types\\";

export function validateCreateUser_request(value: any): value is CreateUserRequest {
    return validateCreateUserRequest(value);
}

export function validateCreateUser_headerAuthToken(value: any): value is string | void {
    return value === undefined || typeof value === \\"string\\";
}

export function validateCreateUser_response(value: any): value is CreateUserResponse {
    return validateCreateUserResponse(value);
}

export function validateCreateUser_genericError(value: any): value is void {
    return value === undefined;
}

export function validateDeleteUser_request(value: any): value is void {
    return value === undefined;
}

export function validateDeleteUser_paramUserId(value: any): value is string {
    return typeof value === \\"string\\";
}

export function validateDeleteUser_headerAuthToken(value: any): value is string {
    return typeof value === \\"string\\";
}

export function validateDeleteUser_response(value: any): value is null {
    return value === null;
}

export function validateDeleteUser_genericError(value: any): value is {
    message: string;
} {
    return !(value === null) && typeof value === \\"object\\" && typeof value[\\"message\\"] === \\"string\\";
}

export function validateDeleteUser_specificErrorForbidden(value: any): value is {
    message: string;
    signedInAs: string;
} {
    return !(value === null) && typeof value === \\"object\\" && typeof value[\\"message\\"] === \\"string\\" && typeof value[\\"signedInAs\\"] === \\"string\\";
}

export function validateFindUsers_request(value: any): value is void {
    return value === undefined;
}

export function validateFindUsers_response(value: any): value is {
    name: string;
    age?: number;
}[] {
    return value instanceof Array && value.reduce((acc, curr) => acc && (!(curr === null) && typeof curr === \\"object\\" && typeof curr[\\"name\\"] === \\"string\\" && (curr[\\"age\\"] === undefined || typeof curr[\\"age\\"] === \\"number\\")), true);
}

export function validateFindUsers_genericError(value: any): value is void {
    return value === undefined;
}

export function validateGetUser_request(value: any): value is void {
    return value === undefined;
}

export function validateGetUser_paramUserId(value: any): value is string {
    return typeof value === \\"string\\";
}

export function validateGetUser_response(value: any): value is {
    name: string;
    age?: number;
} {
    return !(value === null) && typeof value === \\"object\\" && typeof value[\\"name\\"] === \\"string\\" && (value[\\"age\\"] === undefined || typeof value[\\"age\\"] === \\"number\\");
}

export function validateGetUser_genericError(value: any): value is void {
    return value === undefined;
}

export function validateCreateUserRequest(value: any): value is CreateUserRequest {
    return !(value === null) && typeof value === \\"object\\" && typeof value[\\"name\\"] === \\"string\\";
}

export function validateCreateUserResponse(value: any): value is CreateUserResponse {
    return !(value === null) && typeof value === \\"object\\" && typeof value[\\"success\\"] === \\"boolean\\";
}

export function validateGetUserResponse(value: any): value is GetUserResponse {
    return !(value === null) && typeof value === \\"object\\" && typeof value[\\"name\\"] === \\"string\\";
}"
`;

exports[`TypeScript validators generator produces valid code single-file 1`] = `
"import { CreateUserRequest, CreateUserResponse, GetUserResponse } from \\"./types\\";

export function validateCreateUser_request(value: any): value is CreateUserRequest {
    return validateCreateUserRequest(value);
}

export function validateCreateUser_headerAuthToken(value: any): value is string | void {
    return value === undefined || typeof value === \\"string\\";
}

export function validateCreateUser_response(value: any): value is CreateUserResponse {
    return validateCreateUserResponse(value);
}

export function validateCreateUser_genericError(value: any): value is void {
    return value === undefined;
}

export function validateFindUsers_request(value: any): value is void {
    return value === undefined;
}

export function validateFindUsers_response(value: any): value is {
    name: string;
    age?: number;
}[] {
    return value instanceof Array && value.reduce((acc, curr) => acc && (!(curr === null) && typeof curr === \\"object\\" && typeof curr[\\"name\\"] === \\"string\\" && (curr[\\"age\\"] === undefined || typeof curr[\\"age\\"] === \\"number\\")), true);
}

export function validateFindUsers_genericError(value: any): value is void {
    return value === undefined;
}

export function validateGetUser_request(value: any): value is void {
    return value === undefined;
}

export function validateGetUser_paramUserId(value: any): value is string {
    return typeof value === \\"string\\";
}

export function validateGetUser_response(value: any): value is {
    name: string;
    age?: number;
} {
    return !(value === null) && typeof value === \\"object\\" && typeof value[\\"name\\"] === \\"string\\" && (value[\\"age\\"] === undefined || typeof value[\\"age\\"] === \\"number\\");
}

export function validateGetUser_genericError(value: any): value is void {
    return value === undefined;
}

export function validateDeleteUser_request(value: any): value is void {
    return value === undefined;
}

export function validateDeleteUser_paramUserId(value: any): value is string {
    return typeof value === \\"string\\";
}

export function validateDeleteUser_headerAuthToken(value: any): value is string {
    return typeof value === \\"string\\";
}

export function validateDeleteUser_response(value: any): value is null {
    return value === null;
}

export function validateDeleteUser_genericError(value: any): value is {
    message: string;
} {
    return !(value === null) && typeof value === \\"object\\" && typeof value[\\"message\\"] === \\"string\\";
}

export function validateDeleteUser_specificErrorForbidden(value: any): value is {
    message: string;
    signedInAs: string;
} {
    return !(value === null) && typeof value === \\"object\\" && typeof value[\\"message\\"] === \\"string\\" && typeof value[\\"signedInAs\\"] === \\"string\\";
}

export function validateCreateUserRequest(value: any): value is CreateUserRequest {
    return !(value === null) && typeof value === \\"object\\" && typeof value[\\"name\\"] === \\"string\\";
}

export function validateCreateUserResponse(value: any): value is CreateUserResponse {
    return !(value === null) && typeof value === \\"object\\" && typeof value[\\"success\\"] === \\"boolean\\";
}

export function validateGetUserResponse(value: any): value is GetUserResponse {
    return !(value === null) && typeof value === \\"object\\" && typeof value[\\"name\\"] === \\"string\\";
}"
`;
