// Jest Snapshot v1, https://goo.gl/fbAQLP

exports[`Parser produces the expected output for example API definitions multi-file 1`] = `
Object {
  "description": Object {
    "description": "A really cool API",
    "name": "My API",
  },
  "endpoints": Object {
    "createUser": Object {
      "description": "This is an endpoint to create a user",
      "genericErrorType": Object {
        "kind": "void",
      },
      "headers": Object {
        "authToken": Object {
          "description": "This is the authorization token",
          "headerFieldName": "Authorization",
          "type": Object {
            "kind": "optional",
            "optional": Object {
              "kind": "string",
            },
          },
        },
      },
      "method": "POST",
      "path": Array [
        Object {
          "content": "/users/create",
          "kind": "static",
        },
      ],
      "queryParams": Array [],
      "requestContentType": "application/json",
      "requestType": Object {
        "kind": "type-reference",
        "typeName": "CreateUserRequest",
      },
      "responseType": Object {
        "kind": "type-reference",
        "typeName": "CreateUserResponse",
      },
      "specificErrorTypes": Object {},
      "tags": Array [
        "users",
      ],
    },
    "deleteUser": Object {
      "description": "",
      "genericErrorType": Object {
        "kind": "object",
        "properties": Object {
          "message": Object {
            "kind": "string",
          },
        },
      },
      "headers": Object {
        "authToken": Object {
          "description": "",
          "headerFieldName": "Authorization",
          "type": Object {
            "kind": "string",
          },
        },
      },
      "method": "DELETE",
      "path": Array [
        Object {
          "content": "/users/",
          "kind": "static",
        },
        Object {
          "description": "",
          "kind": "dynamic",
          "name": "userId",
          "type": Object {
            "kind": "int64",
          },
        },
        Object {
          "content": "-confirmed",
          "kind": "static",
        },
      ],
      "queryParams": Array [],
      "requestContentType": "application/json",
      "requestType": Object {
        "kind": "void",
      },
      "responseType": Object {
        "kind": "null",
      },
      "specificErrorTypes": Object {
        "forbidden": Object {
          "statusCode": 403,
          "type": Object {
            "kind": "object",
            "properties": Object {
              "message": Object {
                "kind": "string",
              },
              "signedInAs": Object {
                "kind": "string",
              },
            },
          },
        },
      },
      "tags": Array [
        "users",
      ],
    },
    "findUsers": Object {
      "description": "",
      "genericErrorType": Object {
        "kind": "void",
      },
      "headers": Object {},
      "method": "GET",
      "path": Array [
        Object {
          "content": "/users",
          "kind": "static",
        },
      ],
      "queryParams": Array [
        Object {
          "description": "Limit number of returned results",
          "name": "limit",
          "type": Object {
            "kind": "int32",
          },
        },
        Object {
          "description": "",
          "name": "search_term",
          "type": Object {
            "kind": "optional",
            "optional": Object {
              "kind": "string",
            },
          },
        },
      ],
      "requestContentType": "application/json",
      "requestType": Object {
        "kind": "void",
      },
      "responseType": Object {
        "elements": Object {
          "kind": "object",
          "properties": Object {
            "age": Object {
              "kind": "optional",
              "optional": Object {
                "kind": "float",
              },
            },
            "name": Object {
              "kind": "string",
            },
          },
        },
        "kind": "array",
      },
      "specificErrorTypes": Object {},
      "tags": Array [
        "users",
      ],
    },
    "getUser": Object {
      "description": "",
      "genericErrorType": Object {
        "kind": "void",
      },
      "headers": Object {},
      "method": "GET",
      "path": Array [
        Object {
          "content": "/users/",
          "kind": "static",
        },
        Object {
          "description": "User unique identifier",
          "kind": "dynamic",
          "name": "userId",
          "type": Object {
            "kind": "int64",
          },
        },
      ],
      "queryParams": Array [],
      "requestContentType": "application/json",
      "requestType": Object {
        "kind": "void",
      },
      "responseType": Object {
        "kind": "object",
        "properties": Object {
          "age": Object {
            "kind": "optional",
            "optional": Object {
              "kind": "float",
            },
          },
          "name": Object {
            "kind": "string",
          },
        },
      },
      "specificErrorTypes": Object {},
      "tags": Array [
        "users",
      ],
    },
  },
  "types": Object {
    "CreateUserRequest": Object {
      "kind": "object",
      "properties": Object {
        "name": Object {
          "kind": "string",
        },
      },
    },
    "CreateUserResponse": Object {
      "kind": "object",
      "properties": Object {
        "success": Object {
          "kind": "boolean",
        },
      },
    },
  },
}
`;

exports[`Parser produces the expected output for example API definitions single-file 1`] = `
Object {
  "description": Object {
    "description": "A really cool API",
    "name": "My API",
  },
  "endpoints": Object {
    "createUser": Object {
      "description": "This is an endpoint to create a user",
      "genericErrorType": Object {
        "kind": "void",
      },
      "headers": Object {
        "authToken": Object {
          "description": "This is the authorization token",
          "headerFieldName": "Authorization",
          "type": Object {
            "kind": "optional",
            "optional": Object {
              "kind": "string",
            },
          },
        },
      },
      "method": "POST",
      "path": Array [
        Object {
          "content": "/users/create",
          "kind": "static",
        },
      ],
      "queryParams": Array [],
      "requestContentType": "application/json",
      "requestType": Object {
        "kind": "type-reference",
        "typeName": "CreateUserRequest",
      },
      "responseType": Object {
        "kind": "type-reference",
        "typeName": "CreateUserResponse",
      },
      "specificErrorTypes": Object {},
      "tags": Array [
        "users",
      ],
    },
    "deleteUser": Object {
      "description": "",
      "genericErrorType": Object {
        "kind": "object",
        "properties": Object {
          "message": Object {
            "kind": "string",
          },
        },
      },
      "headers": Object {
        "authToken": Object {
          "description": "",
          "headerFieldName": "Authorization",
          "type": Object {
            "kind": "string",
          },
        },
      },
      "method": "DELETE",
      "path": Array [
        Object {
          "content": "/users/",
          "kind": "static",
        },
        Object {
          "description": "",
          "kind": "dynamic",
          "name": "userId",
          "type": Object {
            "kind": "int64",
          },
        },
        Object {
          "content": "-confirmed",
          "kind": "static",
        },
      ],
      "queryParams": Array [],
      "requestContentType": "application/json",
      "requestType": Object {
        "kind": "void",
      },
      "responseType": Object {
        "kind": "null",
      },
      "specificErrorTypes": Object {
        "forbidden": Object {
          "statusCode": 403,
          "type": Object {
            "kind": "object",
            "properties": Object {
              "message": Object {
                "kind": "string",
              },
              "signedInAs": Object {
                "kind": "string",
              },
            },
          },
        },
      },
      "tags": Array [
        "users",
      ],
    },
    "findUsers": Object {
      "description": "",
      "genericErrorType": Object {
        "kind": "void",
      },
      "headers": Object {},
      "method": "GET",
      "path": Array [
        Object {
          "content": "/users",
          "kind": "static",
        },
      ],
      "queryParams": Array [
        Object {
          "description": "Limit number of returned results",
          "name": "limit",
          "type": Object {
            "kind": "int32",
          },
        },
        Object {
          "description": "",
          "name": "search_term",
          "type": Object {
            "kind": "optional",
            "optional": Object {
              "kind": "string",
            },
          },
        },
      ],
      "requestContentType": "application/json",
      "requestType": Object {
        "kind": "void",
      },
      "responseType": Object {
        "elements": Object {
          "kind": "object",
          "properties": Object {
            "age": Object {
              "kind": "optional",
              "optional": Object {
                "kind": "float",
              },
            },
            "name": Object {
              "kind": "string",
            },
          },
        },
        "kind": "array",
      },
      "specificErrorTypes": Object {},
      "tags": Array [
        "users",
      ],
    },
    "getUser": Object {
      "description": "",
      "genericErrorType": Object {
        "kind": "void",
      },
      "headers": Object {},
      "method": "GET",
      "path": Array [
        Object {
          "content": "/users/",
          "kind": "static",
        },
        Object {
          "description": "User unique identifier",
          "kind": "dynamic",
          "name": "userId",
          "type": Object {
            "kind": "int64",
          },
        },
      ],
      "queryParams": Array [],
      "requestContentType": "application/json",
      "requestType": Object {
        "kind": "void",
      },
      "responseType": Object {
        "kind": "object",
        "properties": Object {
          "age": Object {
            "kind": "optional",
            "optional": Object {
              "kind": "float",
            },
          },
          "name": Object {
            "kind": "string",
          },
        },
      },
      "specificErrorTypes": Object {},
      "tags": Array [
        "users",
      ],
    },
  },
  "types": Object {
    "CreateUserRequest": Object {
      "kind": "object",
      "properties": Object {
        "name": Object {
          "kind": "string",
        },
      },
    },
    "CreateUserResponse": Object {
      "kind": "object",
      "properties": Object {
        "success": Object {
          "kind": "boolean",
        },
      },
    },
  },
}
`;
