// Jest Snapshot v1, https://goo.gl/fbAQLP

exports[`Parser produces the expected output for example API definitions multi-file 1`] = `
Object {
  "endpoints": Object {
    "createUser": Object {
      "genericErrorType": Object {
        "kind": "void",
      },
      "headers": Object {
        "authToken": Object {
          "headerFieldName": "Authorization",
          "type": Object {
            "kind": "optional",
            "optional": Object {
              "kind": "string",
            },
          },
        },
      },
      "method": "POST",
      "path": Array [
        Object {
          "content": "/users/create",
          "kind": "static",
        },
      ],
      "queryParams": Array [],
      "requestContentType": "application/json",
      "requestType": Object {
        "kind": "type-reference",
        "typeName": "CreateUserRequest",
      },
      "responseType": Object {
        "kind": "type-reference",
        "typeName": "CreateUserResponse",
      },
      "specificErrorTypes": Object {},
    },
    "deleteUser": Object {
      "genericErrorType": Object {
        "kind": "object",
        "properties": Object {
          "message": Object {
            "kind": "string",
          },
        },
      },
      "headers": Object {
        "authToken": Object {
          "headerFieldName": "Authorization",
          "type": Object {
            "kind": "string",
          },
        },
      },
      "method": "DELETE",
      "path": Array [
        Object {
          "content": "/users/",
          "kind": "static",
        },
        Object {
          "kind": "dynamic",
          "name": "userId",
          "type": Object {
            "kind": "string",
          },
        },
        Object {
          "content": "-confirmed",
          "kind": "static",
        },
      ],
      "queryParams": Array [],
      "requestContentType": "application/json",
      "requestType": Object {
        "kind": "void",
      },
      "responseType": Object {
        "kind": "null",
      },
      "specificErrorTypes": Object {
        "forbidden": Object {
          "statusCode": 403,
          "type": Object {
            "kind": "object",
            "properties": Object {
              "message": Object {
                "kind": "string",
              },
              "signedInAs": Object {
                "kind": "string",
              },
            },
          },
        },
      },
    },
    "findUsers": Object {
      "genericErrorType": Object {
        "kind": "void",
      },
      "headers": Object {},
      "method": "GET",
      "path": Array [
        Object {
          "content": "/users",
          "kind": "static",
        },
      ],
      "queryParams": Array [
        Object {
          "name": "limit",
          "type": Object {
            "kind": "number",
          },
        },
        Object {
          "name": "search_term",
          "type": Object {
            "kind": "optional",
            "optional": Object {
              "kind": "string",
            },
          },
        },
      ],
      "requestContentType": "application/json",
      "requestType": Object {
        "kind": "void",
      },
      "responseType": Object {
        "elements": Object {
          "kind": "object",
          "properties": Object {
            "age": Object {
              "kind": "optional",
              "optional": Object {
                "kind": "number",
              },
            },
            "name": Object {
              "kind": "string",
            },
          },
        },
        "kind": "array",
      },
      "specificErrorTypes": Object {},
    },
    "getUser": Object {
      "genericErrorType": Object {
        "kind": "void",
      },
      "headers": Object {},
      "method": "GET",
      "path": Array [
        Object {
          "content": "/users/",
          "kind": "static",
        },
        Object {
          "kind": "dynamic",
          "name": "userId",
          "type": Object {
            "kind": "string",
          },
        },
      ],
      "queryParams": Array [],
      "requestContentType": "application/json",
      "requestType": Object {
        "kind": "void",
      },
      "responseType": Object {
        "kind": "object",
        "properties": Object {
          "age": Object {
            "kind": "optional",
            "optional": Object {
              "kind": "number",
            },
          },
          "name": Object {
            "kind": "string",
          },
        },
      },
      "specificErrorTypes": Object {},
    },
  },
  "types": Object {
    "CreateUserRequest": Object {
      "kind": "object",
      "properties": Object {
        "name": Object {
          "kind": "string",
        },
      },
    },
    "CreateUserResponse": Object {
      "kind": "object",
      "properties": Object {
        "success": Object {
          "kind": "boolean",
        },
      },
    },
    "GetUserResponse": Object {
      "kind": "object",
      "properties": Object {
        "name": Object {
          "kind": "string",
        },
      },
    },
  },
}
`;

exports[`Parser produces the expected output for example API definitions single-file 1`] = `
Object {
  "endpoints": Object {
    "createUser": Object {
      "genericErrorType": Object {
        "kind": "void",
      },
      "headers": Object {
        "authToken": Object {
          "headerFieldName": "Authorization",
          "type": Object {
            "kind": "optional",
            "optional": Object {
              "kind": "string",
            },
          },
        },
      },
      "method": "POST",
      "path": Array [
        Object {
          "content": "/users/create",
          "kind": "static",
        },
      ],
      "queryParams": Array [],
      "requestContentType": "application/json",
      "requestType": Object {
        "kind": "type-reference",
        "typeName": "CreateUserRequest",
      },
      "responseType": Object {
        "kind": "type-reference",
        "typeName": "CreateUserResponse",
      },
      "specificErrorTypes": Object {},
    },
    "deleteUser": Object {
      "genericErrorType": Object {
        "kind": "object",
        "properties": Object {
          "message": Object {
            "kind": "string",
          },
        },
      },
      "headers": Object {
        "authToken": Object {
          "headerFieldName": "Authorization",
          "type": Object {
            "kind": "string",
          },
        },
      },
      "method": "DELETE",
      "path": Array [
        Object {
          "content": "/users/",
          "kind": "static",
        },
        Object {
          "kind": "dynamic",
          "name": "userId",
          "type": Object {
            "kind": "string",
          },
        },
        Object {
          "content": "-confirmed",
          "kind": "static",
        },
      ],
      "queryParams": Array [],
      "requestContentType": "application/json",
      "requestType": Object {
        "kind": "void",
      },
      "responseType": Object {
        "kind": "null",
      },
      "specificErrorTypes": Object {
        "forbidden": Object {
          "statusCode": 403,
          "type": Object {
            "kind": "object",
            "properties": Object {
              "message": Object {
                "kind": "string",
              },
              "signedInAs": Object {
                "kind": "string",
              },
            },
          },
        },
      },
    },
    "findUsers": Object {
      "genericErrorType": Object {
        "kind": "void",
      },
      "headers": Object {},
      "method": "GET",
      "path": Array [
        Object {
          "content": "/users",
          "kind": "static",
        },
      ],
      "queryParams": Array [
        Object {
          "name": "limit",
          "type": Object {
            "kind": "number",
          },
        },
        Object {
          "name": "search_term",
          "type": Object {
            "kind": "optional",
            "optional": Object {
              "kind": "string",
            },
          },
        },
      ],
      "requestContentType": "application/json",
      "requestType": Object {
        "kind": "void",
      },
      "responseType": Object {
        "elements": Object {
          "kind": "object",
          "properties": Object {
            "age": Object {
              "kind": "optional",
              "optional": Object {
                "kind": "number",
              },
            },
            "name": Object {
              "kind": "string",
            },
          },
        },
        "kind": "array",
      },
      "specificErrorTypes": Object {},
    },
    "getUser": Object {
      "genericErrorType": Object {
        "kind": "void",
      },
      "headers": Object {},
      "method": "GET",
      "path": Array [
        Object {
          "content": "/users/",
          "kind": "static",
        },
        Object {
          "kind": "dynamic",
          "name": "userId",
          "type": Object {
            "kind": "string",
          },
        },
      ],
      "queryParams": Array [],
      "requestContentType": "application/json",
      "requestType": Object {
        "kind": "void",
      },
      "responseType": Object {
        "kind": "object",
        "properties": Object {
          "age": Object {
            "kind": "optional",
            "optional": Object {
              "kind": "number",
            },
          },
          "name": Object {
            "kind": "string",
          },
        },
      },
      "specificErrorTypes": Object {},
    },
  },
  "types": Object {
    "CreateUserRequest": Object {
      "kind": "object",
      "properties": Object {
        "name": Object {
          "kind": "string",
        },
      },
    },
    "CreateUserResponse": Object {
      "kind": "object",
      "properties": Object {
        "success": Object {
          "kind": "boolean",
        },
      },
    },
    "GetUserResponse": Object {
      "kind": "object",
      "properties": Object {
        "name": Object {
          "kind": "string",
        },
      },
    },
  },
}
`;
