// Jest Snapshot v1, https://goo.gl/fbAQLP

exports[`JSON Schema generator produces valid code multi-file: json 1`] = `
"{
  \\"$schema\\": \\"http://json-schema.org/draft-07/schema#\\",
  \\"definitions\\": {
    \\"CreateUserRequest\\": {
      \\"type\\": \\"object\\",
      \\"properties\\": {
        \\"name\\": {
          \\"type\\": \\"string\\"
        }
      },
      \\"required\\": [
        \\"name\\"
      ]
    },
    \\"CreateUserResponse\\": {
      \\"type\\": \\"object\\",
      \\"properties\\": {
        \\"success\\": {
          \\"type\\": \\"boolean\\"
        }
      },
      \\"required\\": [
        \\"success\\"
      ]
    },
    \\"GetUserResponse\\": {
      \\"type\\": \\"object\\",
      \\"properties\\": {
        \\"name\\": {
          \\"type\\": \\"string\\"
        }
      },
      \\"required\\": [
        \\"name\\"
      ]
    }
  }
}"
`;

exports[`JSON Schema generator produces valid code multi-file: yaml 1`] = `
"$schema: 'http://json-schema.org/draft-07/schema#'
definitions:
  CreateUserRequest:
    type: object
    properties:
      name:
        type: string
    required:
      - name
  CreateUserResponse:
    type: object
    properties:
      success:
        type: boolean
    required:
      - success
  GetUserResponse:
    type: object
    properties:
      name:
        type: string
    required:
      - name
"
`;

exports[`JSON Schema generator produces valid code single-file: json 1`] = `
"{
  \\"$schema\\": \\"http://json-schema.org/draft-07/schema#\\",
  \\"definitions\\": {
    \\"CreateUserRequest\\": {
      \\"type\\": \\"object\\",
      \\"properties\\": {
        \\"name\\": {
          \\"type\\": \\"string\\"
        }
      },
      \\"required\\": [
        \\"name\\"
      ]
    },
    \\"CreateUserResponse\\": {
      \\"type\\": \\"object\\",
      \\"properties\\": {
        \\"success\\": {
          \\"type\\": \\"boolean\\"
        }
      },
      \\"required\\": [
        \\"success\\"
      ]
    },
    \\"GetUserResponse\\": {
      \\"type\\": \\"object\\",
      \\"properties\\": {
        \\"name\\": {
          \\"type\\": \\"string\\"
        }
      },
      \\"required\\": [
        \\"name\\"
      ]
    }
  }
}"
`;

exports[`JSON Schema generator produces valid code single-file: yaml 1`] = `
"$schema: 'http://json-schema.org/draft-07/schema#'
definitions:
  CreateUserRequest:
    type: object
    properties:
      name:
        type: string
    required:
      - name
  CreateUserResponse:
    type: object
    properties:
      success:
        type: boolean
    required:
      - success
  GetUserResponse:
    type: object
    properties:
      name:
        type: string
    required:
      - name
"
`;
